Microchip MPLAB XC8 Compiler V1.43 ()

Linker command line:

-W-3 --edf=/Applications/microchip/xc8/v1.43/dat/en_msgs.txt -cs \
  -h+dist/default/debug/FYP_controller.X.debug.sym \
  --cmf=dist/default/debug/FYP_controller.X.debug.cmf -z -Q18F85J94 \
  -o/tmp/xc1vwe7gc -Mdist/default/debug/FYP_controller.X.debug.map -E1 \
  -ver=XC8 -ASTACK=01C8h-0df9h -pstack=STACK -ACODE=00h-07FEFh \
  -ACONST=00h-07FEFh -ASMALLCONST=0E00h-0EFFhx113,07F00h-07FEFh \
  -AMEDIUMCONST=0E00h-07FEFh -ACOMRAM=01h-05Fh -AABS1=00h-0DF9h \
  -ABIGRAM=01h-0DF9h -ARAM=060h-0FFh,0100h-01FFhx12,0D00h-0DF9h \
  -ABANK0=060h-0FFh -ABANK1=0100h-01FFh -ABANK2=0200h-02FFh \
  -ABANK3=0300h-03FFh -ABANK4=0400h-04FFh -ABANK5=0500h-05FFh \
  -ABANK6=0600h-06FFh -ABANK7=0700h-07FFh -ABANK8=0800h-08FFh \
  -ABANK9=0900h-09FFh -ABANK10=0A00h-0AFFh -ABANK11=0B00h-0BFFh \
  -ABANK12=0C00h-0CFFh -ABANK13=0D00h-0DF9h \
  -ASFR=0DFAh-0DFFh,0E00h-0EFFh,0F00h-0F5Fh,0F60h-0FFCh \
  -preset_vec=00h,intcode=08h,intcodelo,powerup,init -pramtop=0E00h \
  -psmallconst=SMALLCONST -pmediumconst=MEDIUMCONST -pconst=CONST \
  -AFARRAM=00h-00h -ACONFIG=07FF0h-07FFFh -pconfig=CONFIG \
  -pjflash_buffer=07BF8h \
  -prdata=COMRAM,nvrram=COMRAM,nvbit=COMRAM,rbss=COMRAM,rbit=COMRAM \
  -pfarbss=FARRAM,fardata=FARRAM,nvFARRAM=FARRAM \
  -pintsave_regs=BIGRAM,bigbss=BIGRAM,bigdata=BIGRAM -pbss=RAM \
  -pidata=CODE,irdata=CODE,ibigdata=CODE,ifardata=CODE -prparam=COMRAM \
  /tmp/xc5Udt2NS.obj dist/default/debug/FYP_controller.X.debug.obj 

Object code version is 3.11

Machine type is 18F85J94

Call graph: (short form)




                Name                               Link     Load   Length Selector   Space Scale
/tmp/xc5Udt2NS.obj
                init                                11C      11C        4        4       0
                reset_vec                             0        0        6        0       0
                config                             7FF0     7FF0       10     7FF0       0
dist/default/debug/FYP_controller.X.debug.obj
                intcode                               8        8      114        4       0
                temp                                 5E       5E        1        1       1
                text42                             15D4     15D4       8C        4       0
                text41                             14B6     14B6       90        4       0
                text40                             17E8     17E8       78        4       0
                text39                             1AF8     1AF8       26        4       0
                text38                              A68      A68      162        4       0
                text37                             12FC     12FC       96        4       0
                text36                             16E4     16E4       84        4       0
                text35                             1110     1110       AE        4       0
                text34                             1A06     1A06       38        4       0
                text33                              F5E      F5E       F4        4       0
                text32                             18B4     18B4       4E        4       0
                text31                             1AD0     1AD0       28        4       0
                text30                              D04      D04      12E        4       0
                text29                              3C6      3C6      2A4        4       0
                text28                             1768     1768       80        4       0
                text26                             1052     1052       BE        4       0
                text25                             198C     198C       42        4       0
                text24                             1AA4     1AA4       2C        4       0
                text23                              BCA      BCA      13A        4       0
                text22                             1A3E     1A3E       36        4       0
                text21                             11BE     11BE       A0        4       0
                text20                             1660     1660       84        4       0
                text19                              E32      E32      12C        4       0
                text18                              120      120      2A6        4       0
                text17                             1BEC     1BEC        C        4       0
                text16                             1B1E     1B1E       24        4       0
                text15                             1B94     1B94       18        4       0
                text14                             125E     125E       9E        4       0
                text13                             1A74     1A74       30        4       0
                text12                             1B42     1B42       20        4       0
                text11                             1860     1860       54        4       0
                text10                             1426     1426       90        4       0
                text9                              1B62     1B62       1A        4       0
                text8                              1948     1948       44        4       0
                text7                              1B7C     1B7C       18        4       0
                text6                              1BD2     1BD2        E        4       0
                text5                              1BC2     1BC2       10        4       0
                text4                              1BAC     1BAC       16        4       0
                text3                               66A      66A      296        4       0
                text2                              1902     1902       46        4       0
                text1                              1392     1392       94        4       0
                text0                               900      900      168        4       0
                cstackCOMRAM                          1        1       31        1       1
                cstackBANK0                          C5       C5       1D       60       1
                dataBANK1                           190      190       38      100       1
                bssBANK1                            100      100       90      100       1
                dataBANK0                            E2       E2        C       60       1
                bssBANK0                             60       60       65       60       1
                dataCOMRAM                           58       58        6        1       1
                bssCOMRAM                            32       32       26        1       1
                cinit                              1546     1546       8E        4       0
                idataBANK1                         19CE     19CE       38        4       0
                idataBANK0                         1BE0     1BE0        C        4       0
                idataCOMRAM                        1BF8     1BF8        6        4       0

TOTAL           Name                               Link     Load   Length     Space
        CLASS   STACK          

        CLASS   CODE           
                intcode                               8        8      114         0
                init                                11C      11C        4         0
                reset_vec                             0        0        6         0
                text42                             15D4     15D4       8C         0
                text41                             14B6     14B6       90         0
                text40                             17E8     17E8       78         0
                text39                             1AF8     1AF8       26         0
                text38                              A68      A68      162         0
                text37                             12FC     12FC       96         0
                text36                             16E4     16E4       84         0
                text35                             1110     1110       AE         0
                text34                             1A06     1A06       38         0
                text33                              F5E      F5E       F4         0
                text32                             18B4     18B4       4E         0
                text31                             1AD0     1AD0       28         0
                text30                              D04      D04      12E         0
                text29                              3C6      3C6      2A4         0
                text28                             1768     1768       80         0
                text26                             1052     1052       BE         0
                text25                             198C     198C       42         0
                text24                             1AA4     1AA4       2C         0
                text23                              BCA      BCA      13A         0
                text22                             1A3E     1A3E       36         0
                text21                             11BE     11BE       A0         0
                text20                             1660     1660       84         0
                text19                              E32      E32      12C         0
                text18                              120      120      2A6         0
                text17                             1BEC     1BEC        C         0
                text16                             1B1E     1B1E       24         0
                text15                             1B94     1B94       18         0
                text14                             125E     125E       9E         0
                text13                             1A74     1A74       30         0
                text12                             1B42     1B42       20         0
                text11                             1860     1860       54         0
                text10                             1426     1426       90         0
                text9                              1B62     1B62       1A         0
                text8                              1948     1948       44         0
                text7                              1B7C     1B7C       18         0
                text6                              1BD2     1BD2        E         0
                text5                              1BC2     1BC2       10         0
                text4                              1BAC     1BAC       16         0
                text3                               66A      66A      296         0
                text2                              1902     1902       46         0
                text1                              1392     1392       94         0
                text0                               900      900      168         0
                cinit                              1546     1546       8E         0
                idataBANK1                         19CE     19CE       38         0
                idataBANK0                         1BE0     1BE0        C         0
                idataCOMRAM                        1BF8     1BF8        6         0

        CLASS   CONST          

        CLASS   SMALLCONST     

        CLASS   MEDIUMCONST    

        CLASS   COMRAM         
                temp                                 5E       5E        1         1
                cstackCOMRAM                          1        1       31         1
                dataCOMRAM                           58       58        6         1
                bssCOMRAM                            32       32       26         1

        CLASS   ABS1           

        CLASS   BIGRAM         

        CLASS   RAM            

        CLASS   BANK0          
                cstackBANK0                          C5       C5       1D         1
                dataBANK0                            E2       E2        C         1
                bssBANK0                             60       60       65         1

        CLASS   BANK1          
                dataBANK1                           190      190       38         1
                bssBANK1                            100      100       90         1

        CLASS   BANK2          

        CLASS   BANK3          

        CLASS   BANK4          

        CLASS   BANK5          

        CLASS   BANK6          

        CLASS   BANK7          

        CLASS   BANK8          

        CLASS   BANK9          

        CLASS   BANK10         

        CLASS   BANK11         

        CLASS   BANK12         

        CLASS   BANK13         

        CLASS   SFR            

        CLASS   FARRAM         

        CLASS   CONFIG         
                config                             7FF0     7FF0       10         0

        CLASS   IDLOC          



SEGMENTS        Name                           Load    Length   Top    Selector   Space  Class

                reset_vec                      000000  000006  000006         0       0  CODE    
                cstackCOMRAM                   000001  00005E  00005F         1       1  COMRAM  
                intcode                        000008  001BF6  001BFE         4       0  CODE    
                bssBANK0                       000060  00008E  0000EE        60       1  BANK0   
                bssBANK1                       000100  0000C8  0001C8       100       1  BANK1   
                config                         007FF0  000010  008000      7FF0       0  CONFIG  


UNUSED ADDRESS RANGES

        Name                Unused          Largest block    Delta
        BANK0            000EE-000FF              12
        BANK1            001C8-001FF              38
        BANK10           00A00-00AFF             100
        BANK11           00B00-00BFF             100
        BANK12           00C00-00CFF             100
        BANK13           00D00-00DF9              FA
        BANK2            00200-002FF             100
        BANK3            00300-003FF             100
        BANK4            00400-004FF             100
        BANK5            00500-005FF             100
        BANK6            00600-006FF             100
        BANK7            00700-007FF             100
        BANK8            00800-008FF             100
        BANK9            00900-009FF             100
        BIGRAM           0005F-0005F               1
                         000EE-000FF              12
                         001C8-00DF9             C32
        CODE             00006-00007               2
                         01BFE-07FEF            63F2
        COMRAM           0005F-0005F               1
        CONST            00006-00007               2
                         01BFE-07FEF            63F2
        MEDIUMCONST      01BFE-07FEF            63F2
        RAM              000EE-000FF              12
                         001C8-00DF9             100
        SFR              00DFA-00FFC             100
        SMALLCONST       01BFE-07FEF             100
        STACK            001C8-00DF9             C32

                                  Symbol Table

?_ADC_Read                        cstackBANK0   000C5
?___awdiv                         cstackCOMRAM  00001
?___awtoft                        cstackCOMRAM  00009
?___ftmul                         cstackCOMRAM  0000D
?___ftpack                        cstackCOMRAM  00001
?___wmul                          cstackBANK0   000C5
?_absVal                          cstackBANK0   000C5
?i2___wmul                        cstackCOMRAM  00001
?i2_absVal                        cstackCOMRAM  00001
ADC_Read@channel                  cstackBANK0   000C5
ADC_Read@value                    cstackBANK0   000C7
I2C1_Block_Read_EERPOM@bytes      cstackBANK0   000C9
I2C1_Block_Read_EERPOM@data       cstackBANK0   000C7
I2C1_Block_Read_EERPOM@dummyWrite cstackBANK0   000CF
I2C1_Block_Read_EERPOM@memValue   cstackBANK0   000CE
I2C1_Block_Read_EERPOM@n          cstackBANK0   000D0
I2C1_Block_Read_EERPOM@rdAddr     cstackBANK0   000CD
I2C1_Block_Read_EERPOM@slot       cstackBANK0   000C5
I2C1_Page_Write_EEPROM@bytes      cstackBANK0   000C9
I2C1_Page_Write_EEPROM@data       cstackBANK0   000C7
I2C1_Page_Write_EEPROM@memValue   cstackBANK0   000CD
I2C1_Page_Write_EEPROM@n          cstackBANK0   000CE
I2C1_Page_Write_EEPROM@slot       cstackBANK0   000C5
I2C1_Page_Write_EEPROM@wrDevAddr  cstackBANK0   000CC
I2C1_Write_DigiPot@value          cstackBANK0   000C5
I2C1_Write_DigiPot@wrCommand      cstackBANK0   000C6
_ADCBUF0                          (abs)         00FC2
_ADCBUF1                          (abs)         00E48
_ADCBUF14                         (abs)         00E62
_ADCBUF2                          (abs)         00E4A
_ADCBUF3                          (abs)         00E4C
_ADCBUF4                          (abs)         00E4E
_ADCBUF5                          (abs)         00E50
_ADCBUF6                          (abs)         00E52
_ADCBUF8                          (abs)         00E56
_ADCBUF9                          (abs)         00E58
_ADCHS0Lbits                      (abs)         00E86
_ADCON1Hbits                      (abs)         00FC1
_ADCON1Lbits                      (abs)         00FC0
_ADCON2Hbits                      (abs)         00E8D
_ADCON3Hbits                      (abs)         00E8B
_ADCON3Lbits                      (abs)         00E8A
_ADCON5Hbits                      (abs)         00E89
_ADC_Read                         text19        00E32
_ANCON1bits                       (abs)         00E47
_ANCON2bits                       (abs)         00E46
_ANCON3bits                       (abs)         00E45
_CCP4CONbits                      (abs)         00F10
_CCPR4H                           (abs)         00F12
_CCPR4L                           (abs)         00F11
_CCPTMRS1bits                     (abs)         00F35
_CM1CONbits                       (abs)         00F53
_CM2CONbits                       (abs)         00F38
_CM3CONbits                       (abs)         00F37
_I2C1_Block_Read_EERPOM           text23        00BCA
_I2C1_Page_Write_EEPROM           text26        01052
_I2C1_Write_DigiPot               text25        0198C
_INTCONbits                       (abs)         00FF2
_IOCF1                            (abs)         07E89
_IOCF2                            (abs)         07E8A
_IOCF3                            (abs)         07E8B
_IOCF4                            (abs)         07E8C
_IOCF5                            (abs)         07E8D
_IOCF6                            (abs)         07E8E
_IOCF7                            (abs)         07E8F
_IOCFbits                         (abs)         00FD1
_IOCNbits                         (abs)         00F55
_IOCPbits                         (abs)         00F56
_LATB5                            (abs)         07C55
_LATD0                            (abs)         07C60
_LATD2                            (abs)         07C62
_LATD3                            (abs)         07C63
_LATE0                            (abs)         07C68
_LATE1                            (abs)         07C69
_LATE4                            (abs)         07C6C
_LATE5                            (abs)         07C6D
_LATE7                            (abs)         07C6F
_LATF2                            (abs)         07C72
_LATF5                            (abs)         07C75
_LATF6                            (abs)         07C76
_LATG4                            (abs)         07C7C
_LATH0                            (abs)         07C80
_LATH1                            (abs)         07C81
_LATH2                            (abs)         07C82
_LATH7                            (abs)         07C87
_LCDCONbits                       (abs)         00ED9
_LCDSE0                           (abs)         00ECE
_LCDSE1                           (abs)         00ECF
_LCDSE2                           (abs)         00ED0
_LCDSE3                           (abs)         00ED1
_LCDSE4                           (abs)         00ED2
_LCDSE5                           (abs)         00ED3
_LCDSE6                           (abs)         00ED4
_LCDSE7                           (abs)         00ED5
_MEMCONbits                       (abs)         00EE3
_OSCCON                           (abs)         00FD3
_OSCCON2bits                      (abs)         00F66
_OSCCON3bits                      (abs)         00F65
_OSCCON4bits                      (abs)         00F64
_OSCCONbits                       (abs)         00FD3
_PADCFG1bits                      (abs)         00F54
_PIE1bits                         (abs)         00F9D
_PIE2bits                         (abs)         00FA0
_PIE5bits                         (abs)         00FB7
_PIR1bits                         (abs)         00F9E
_PIR2bits                         (abs)         00FA1
_PR2                              (abs)         00FCB
_RC0                              (abs)         07C10
_RC1                              (abs)         07C11
_RC6                              (abs)         07C16
_RC7                              (abs)         07C17
_RD1                              (abs)         07C19
_RD4                              (abs)         07C1C
_RD7                              (abs)         07C1F
_RE3                              (abs)         07C23
_RE6                              (abs)         07C26
_RF3                              (abs)         07C2B
_RG1                              (abs)         07C31
_RG2                              (abs)         07C32
_RG3                              (abs)         07C33
_RH4                              (abs)         07C3C
_RH5                              (abs)         07C3D
_RJ0                              (abs)         07C40
_RJ1                              (abs)         07C41
_RJ4                              (abs)         07C44
_RJ5                              (abs)         07C45
_RPINR18_19bits                   (abs)         00E33
_RPINR20_21bits                   (abs)         00E34
_RPINR22_23bits                   (abs)         00E35
_RPINR24_25bits                   (abs)         00E36
_SSP1ADD                          (abs)         00FC8
_SSP1BUF                          (abs)         00FC9
_SSP1CON1bits                     (abs)         00FC6
_SSP1CON2bits                     (abs)         00FC5
_SSP1STATbits                     (abs)         00FC7
_SSP2ADD                          (abs)         00F02
_SSP2BUF                          (abs)         00F03
_SSP2CON1bits                     (abs)         00F19
_SSP2CON2bits                     (abs)         00F18
_SSP2CON3bits                     (abs)         00F39
_SSP2IF                           (abs)         07D0E
_SSP2MSK                          (abs)         00F17
_T0CONbits                        (abs)         00FD5
_T1CONbits                        (abs)         00FCD
_T2CON                            (abs)         00FCA
_T2CONbits                        (abs)         00FCA
_T3CONbits                        (abs)         00FB1
_T4CONbits                        (abs)         00F04
_T5CONbits                        (abs)         00F14
_TMR0IF                           (abs)         07F92
_TMR2IF                           (abs)         07CF1
_TMR2ON                           (abs)         07E52
_TMR4IF                           (abs)         07DC0
_TRISAbits                        (abs)         00F92
_TRISBbits                        (abs)         00F93
_TRISCbits                        (abs)         00F94
_TRISDbits                        (abs)         00F95
_TRISEbits                        (abs)         00F96
_TRISFbits                        (abs)         00F97
_TRISGbits                        (abs)         00F98
_TRISHbits                        (abs)         00F99
_TRISJbits                        (abs)         00F9A
_UCONbits                         (abs)         00F75
__CFG_ABW$XM16                    (abs)         00000
__CFG_BOREN$OFF                   (abs)         00000
__CFG_BORV$1                      (abs)         00000
__CFG_BW$16                       (abs)         00000
__CFG_CINASEL$DEFAULT             (abs)         00000
__CFG_CLKOEN$OFF                  (abs)         00000
__CFG_CP0$OFF                     (abs)         00000
__CFG_DSBITEN$OFF                 (abs)         00000
__CFG_DSBOREN$OFF                 (abs)         00000
__CFG_DSWDTEN$OFF                 (abs)         00000
__CFG_DSWDTOSC$LPRC               (abs)         00000
__CFG_DSWDTPS$DSWDTPS1F           (abs)         00000
__CFG_EASHFT$ON                   (abs)         00000
__CFG_FOSC$FRCDIV                 (abs)         00000
__CFG_FSCM$CSECMD                 (abs)         00000
__CFG_IESO$OFF                    (abs)         00000
__CFG_IOL1WAY$ON                  (abs)         00000
__CFG_LS48MHZ$SYSX2               (abs)         00000
__CFG_MSSPMSK1$MSK7               (abs)         00000
__CFG_MSSPMSK2$MSK7               (abs)         00000
__CFG_PLLDIV$PLL8X                (abs)         00000
__CFG_POSCMD$NONE                 (abs)         00000
__CFG_RETEN$OFF                   (abs)         00000
__CFG_SOSCSEL$DIG                 (abs)         00000
__CFG_STVREN$OFF                  (abs)         00000
__CFG_T5GSEL$T5G                  (abs)         00000
__CFG_VBTBOR$OFF                  (abs)         00000
__CFG_WAIT$OFF                    (abs)         00000
__CFG_WDTCLK$FRC                  (abs)         00000
__CFG_WDTEN$OFF                   (abs)         00000
__CFG_WDTPS$32768                 (abs)         00000
__CFG_WDTWIN$PS25_0               (abs)         00000
__CFG_WINDIS$WDTSTD               (abs)         00000
__CFG_WPCFG$WPCFGDIS              (abs)         00000
__CFG_WPDIS$WPDIS                 (abs)         00000
__CFG_WPEND$WPENDMEM              (abs)         00000
__CFG_WPFP$WPFP255                (abs)         00000
__CFG_WPSA$128                    (abs)         00000
__CFG_XINST$OFF                   (abs)         00000
__HRAM                            (abs)         00000
__Habs1                           abs1          00000
__Hbank0                          bank0         00000
__Hbank1                          bank1         00000
__Hbank10                         bank10        00000
__Hbank11                         bank11        00000
__Hbank12                         bank12        00000
__Hbank13                         bank13        00000
__Hbank2                          bank2         00000
__Hbank3                          bank3         00000
__Hbank4                          bank4         00000
__Hbank5                          bank5         00000
__Hbank6                          bank6         00000
__Hbank7                          bank7         00000
__Hbank8                          bank8         00000
__Hbank9                          bank9         00000
__Hbigbss                         bigbss        00000
__Hbigdata                        bigdata       00000
__Hbigram                         bigram        00000
__Hbss                            bss           00000
__HbssBANK0                       bssBANK0      00000
__HbssBANK1                       bssBANK1      00000
__HbssCOMRAM                      bssCOMRAM     00000
__Hcinit                          cinit         00000
__Hclrtext                        clrtext       00000
__Hcomram                         comram        00000
__Hconfig                         config        08000
__Hconst                          const         00000
__HcstackBANK0                    cstackBANK0   00000
__HcstackCOMRAM                   cstackCOMRAM  00000
__Hdata                           data          00000
__HdataBANK0                      dataBANK0     00000
__HdataBANK1                      dataBANK1     00000
__HdataCOMRAM                     dataCOMRAM    00000
__Hfarbss                         farbss        00000
__Hfardata                        fardata       00000
__Hibigdata                       ibigdata      00000
__Hidata                          idata         00000
__HidataBANK0                     idataBANK0    00000
__HidataBANK1                     idataBANK1    00000
__HidataCOMRAM                    idataCOMRAM   00000
__Hidloc                          idloc         00000
__Hifardata                       ifardata      00000
__Hinit                           init          00120
__Hintcode                        intcode       0011C
__Hintcode_body                   intcode_body  00000
__Hintcodelo                      intcodelo     0011C
__Hintentry                       intentry      00000
__Hintret                         intret        00000
__Hintsave_regs                   intsave_regs  00000
__Hirdata                         irdata        00000
__Hjflash_buffer                  jflash_buffer 07BF8
__Hmediumconst                    mediumconst   00000
__HnvFARRAM                       nvFARRAM      00000
__Hnvbit                          nvbit         00000
__Hnvrram                         nvrram        00000
__Hparam                          rparam        00000
__Hpowerup                        powerup       0011C
__Hram                            ram           00000
__Hramtop                         ramtop        00E00
__Hrbit                           rbit          00000
__Hrbss                           rbss          00000
__Hrdata                          rdata         00000
__Hreset_vec                      reset_vec     00006
__Hrparam                         rparam        00000
__Hsfr                            sfr           00000
__Hsmallconst                     smallconst    00000
__Hspace_0                        (abs)         08000
__Hspace_1                        (abs)         001C8
__Hspace_2                        (abs)         00000
__Hstack                          stack         00000
__Hstruct                         struct        00000
__Htemp                           temp          0005F
__Htext                           text          00000
__Htext0                          text0         00000
__Htext1                          text1         00000
__Htext10                         text10        00000
__Htext11                         text11        00000
__Htext12                         text12        00000
__Htext13                         text13        00000
__Htext14                         text14        00000
__Htext15                         text15        00000
__Htext16                         text16        00000
__Htext17                         text17        00000
__Htext18                         text18        00000
__Htext19                         text19        00000
__Htext2                          text2         00000
__Htext20                         text20        00000
__Htext21                         text21        00000
__Htext22                         text22        00000
__Htext23                         text23        00000
__Htext24                         text24        00000
__Htext25                         text25        00000
__Htext26                         text26        00000
__Htext28                         text28        00000
__Htext29                         text29        00000
__Htext3                          text3         00000
__Htext30                         text30        00000
__Htext31                         text31        00000
__Htext32                         text32        00000
__Htext33                         text33        00000
__Htext34                         text34        00000
__Htext35                         text35        00000
__Htext36                         text36        00000
__Htext37                         text37        00000
__Htext38                         text38        00000
__Htext39                         text39        00000
__Htext4                          text4         00000
__Htext40                         text40        00000
__Htext41                         text41        00000
__Htext42                         text42        00000
__Htext5                          text5         00000
__Htext6                          text6         00000
__Htext7                          text7         00000
__Htext8                          text8         00000
__Htext9                          text9         00000
__LRAM                            (abs)         00001
__Labs1                           abs1          00000
__Lbank0                          bank0         00000
__Lbank1                          bank1         00000
__Lbank10                         bank10        00000
__Lbank11                         bank11        00000
__Lbank12                         bank12        00000
__Lbank13                         bank13        00000
__Lbank2                          bank2         00000
__Lbank3                          bank3         00000
__Lbank4                          bank4         00000
__Lbank5                          bank5         00000
__Lbank6                          bank6         00000
__Lbank7                          bank7         00000
__Lbank8                          bank8         00000
__Lbank9                          bank9         00000
__Lbigbss                         bigbss        00000
__Lbigdata                        bigdata       00000
__Lbigram                         bigram        00000
__Lbss                            bss           00000
__LbssBANK0                       bssBANK0      00000
__LbssBANK1                       bssBANK1      00000
__LbssCOMRAM                      bssCOMRAM     00000
__Lcinit                          cinit         00000
__Lclrtext                        clrtext       00000
__Lcomram                         comram        00000
__Lconfig                         config        07FF0
__Lconst                          const         00000
__LcstackBANK0                    cstackBANK0   00000
__LcstackCOMRAM                   cstackCOMRAM  00000
__Ldata                           data          00000
__LdataBANK0                      dataBANK0     00000
__LdataBANK1                      dataBANK1     00000
__LdataCOMRAM                     dataCOMRAM    00000
__Lfarbss                         farbss        00000
__Lfardata                        fardata       00000
__Libigdata                       ibigdata      00000
__Lidata                          idata         00000
__LidataBANK0                     idataBANK0    00000
__LidataBANK1                     idataBANK1    00000
__LidataCOMRAM                    idataCOMRAM   00000
__Lidloc                          idloc         00000
__Lifardata                       ifardata      00000
__Linit                           init          0011C
__Lintcode                        intcode       00008
__Lintcode_body                   intcode_body  00000
__Lintcodelo                      intcodelo     0011C
__Lintentry                       intentry      00000
__Lintret                         intret        00000
__Lintsave_regs                   intsave_regs  00000
__Lirdata                         irdata        00000
__Ljflash_buffer                  jflash_buffer 07BF8
__Lmediumconst                    mediumconst   00000
__LnvFARRAM                       nvFARRAM      00000
__Lnvbit                          nvbit         00000
__Lnvrram                         nvrram        00000
__Lparam                          rparam        00000
__Lpowerup                        powerup       0011C
__Lram                            ram           00000
__Lramtop                         ramtop        00E00
__Lrbit                           rbit          00000
__Lrbss                           rbss          00000
__Lrdata                          rdata         00000
__Lreset_vec                      reset_vec     00000
__Lrparam                         rparam        00000
__Lsfr                            sfr           00000
__Lsmallconst                     smallconst    00000
__Lspace_0                        (abs)         00000
__Lspace_1                        (abs)         00000
__Lspace_2                        (abs)         00000
__Lstack                          stack         00000
__Lstruct                         struct        00000
__Ltemp                           temp          0005E
__Ltext                           text          00000
__Ltext0                          text0         00000
__Ltext1                          text1         00000
__Ltext10                         text10        00000
__Ltext11                         text11        00000
__Ltext12                         text12        00000
__Ltext13                         text13        00000
__Ltext14                         text14        00000
__Ltext15                         text15        00000
__Ltext16                         text16        00000
__Ltext17                         text17        00000
__Ltext18                         text18        00000
__Ltext19                         text19        00000
__Ltext2                          text2         00000
__Ltext20                         text20        00000
__Ltext21                         text21        00000
__Ltext22                         text22        00000
__Ltext23                         text23        00000
__Ltext24                         text24        00000
__Ltext25                         text25        00000
__Ltext26                         text26        00000
__Ltext28                         text28        00000
__Ltext29                         text29        00000
__Ltext3                          text3         00000
__Ltext30                         text30        00000
__Ltext31                         text31        00000
__Ltext32                         text32        00000
__Ltext33                         text33        00000
__Ltext34                         text34        00000
__Ltext35                         text35        00000
__Ltext36                         text36        00000
__Ltext37                         text37        00000
__Ltext38                         text38        00000
__Ltext39                         text39        00000
__Ltext4                          text4         00000
__Ltext40                         text40        00000
__Ltext41                         text41        00000
__Ltext42                         text42        00000
__Ltext5                          text5         00000
__Ltext6                          text6         00000
__Ltext7                          text7         00000
__Ltext8                          text8         00000
__Ltext9                          text9         00000
__S0                              (abs)         08000
__S1                              (abs)         001C8
__S2                              (abs)         00000
___awdiv                          text36        016E4
___awdiv@counter                  cstackCOMRAM  00005
___awdiv@dividend                 cstackCOMRAM  00001
___awdiv@divisor                  cstackCOMRAM  00003
___awdiv@quotient                 cstackCOMRAM  00007
___awdiv@sign                     cstackCOMRAM  00006
___awtoft                         text34        01A06
___awtoft@c                       cstackCOMRAM  00009
___awtoft@sign                    cstackCOMRAM  0000C
___extmem_base                    (abs)         20000
___ftmul                          text33        00F5E
___ftmul@cntr                     cstackCOMRAM  0001A
___ftmul@exp                      cstackCOMRAM  00016
___ftmul@f1                       cstackCOMRAM  0000D
___ftmul@f2                       cstackCOMRAM  00010
___ftmul@f3_as_product            cstackCOMRAM  00017
___ftmul@sign                     cstackCOMRAM  0001B
___ftpack                         text35        01110
___ftpack@arg                     cstackCOMRAM  00001
___ftpack@exp                     cstackCOMRAM  00004
___ftpack@sign                    cstackCOMRAM  00005
___inthi_sp                       stack         00000
___intlo_sp                       stack         00000
___param_bank                     (abs)         00000
___rparam_used                    (abs)         00001
___sp                             stack         00000
___wmul                           text22        01A3E
___wmul@multiplicand              cstackBANK0   000C7
___wmul@multiplier                cstackBANK0   000C5
___wmul@product                   cstackBANK0   000C9
__accesstop                       (abs)         00060
__activetblptr                    (abs)         00000
__end_of_ADC_Read                 text19        00F5E
__end_of_I2C1_Block_Read_EERPOM   text23        00D04
__end_of_I2C1_Page_Write_EEPROM   text26        01110
__end_of_I2C1_Write_DigiPot       text25        019CE
__end_of___awdiv                  text36        01768
__end_of___awtoft                 text34        01A3E
__end_of___ftmul                  text33        01052
__end_of___ftpack                 text35        011BE
__end_of___wmul                   text22        01A74
__end_of__initialization          cinit         015CA
__end_of_absVal                   text24        01AD0
__end_of_bypassSetup              text17        01BF8
__end_of_checkSwitches            text42        01660
__end_of_clockSwitch              text16        01B42
__end_of_defaultLED               text15        01BAC
__end_of_fetchPreset              text20        016E4
__end_of_flashLED                 text38        00BCA
__end_of_highPriorityISR          intcode       0011C
__end_of_interfaceInit            text14        012FC
__end_of_interruptInit            text13        01AA4
__end_of_killLEDs                 text12        01B62
__end_of_main                     text0         00A68
__end_of_mapPeripheralPins        text11        018B4
__end_of_maxTapCheck              text32        01902
__end_of_processTaps              text30        00E32
__end_of_readControls             text18        003C6
__end_of_sendParam                text37        01392
__end_of_serviceSwitches          text29        0066A
__end_of_setupADC                 text10        014B6
__end_of_setupI2C1                text9         01B7C
__end_of_setupI2C2                text8         0198C
__end_of_setupTMR0                text7         01B94
__end_of_setupTMR1                text6         01BE0
__end_of_setupTMR2                text5         01BD2
__end_of_setupTMR4                text4         01BC2
__end_of_startupSequence          text3         00900
__end_of_systemInit               text2         01948
__end_of_tapLED                   text28        017E8
__end_of_updateLineLEDs           text41        01546
__end_of_updateParams             text1         01426
__end_of_updatePreset             text21        0125E
__end_of_updatePresetLEDs         text40        01860
__end_ofi2___wmul                 text39        01B1E
__end_ofi2_absVal                 text31        01AF8
__initialization                  cinit         01546
__mediumconst                     mediumconst   00000
__pbssBANK0                       bssBANK0      00060
__pbssBANK1                       bssBANK1      00100
__pbssCOMRAM                      bssCOMRAM     00032
__pcinit                          cinit         01546
__pcstackBANK0                    cstackBANK0   000C5
__pcstackCOMRAM                   cstackCOMRAM  00001
__pdataBANK0                      dataBANK0     000E2
__pdataBANK1                      dataBANK1     00190
__pdataCOMRAM                     dataCOMRAM    00058
__pidataBANK0                     idataBANK0    01BE0
__pidataBANK1                     idataBANK1    019CE
__pidataCOMRAM                    idataCOMRAM   01BF8
__pintcode                        intcode       00008
__ptext0                          text0         00900
__ptext1                          text1         01392
__ptext10                         text10        01426
__ptext11                         text11        01860
__ptext12                         text12        01B42
__ptext13                         text13        01A74
__ptext14                         text14        0125E
__ptext15                         text15        01B94
__ptext16                         text16        01B1E
__ptext17                         text17        01BEC
__ptext18                         text18        00120
__ptext19                         text19        00E32
__ptext2                          text2         01902
__ptext20                         text20        01660
__ptext21                         text21        011BE
__ptext22                         text22        01A3E
__ptext23                         text23        00BCA
__ptext24                         text24        01AA4
__ptext25                         text25        0198C
__ptext26                         text26        01052
__ptext28                         text28        01768
__ptext29                         text29        003C6
__ptext3                          text3         0066A
__ptext30                         text30        00D04
__ptext31                         text31        01AD0
__ptext32                         text32        018B4
__ptext33                         text33        00F5E
__ptext34                         text34        01A06
__ptext35                         text35        01110
__ptext36                         text36        016E4
__ptext37                         text37        012FC
__ptext38                         text38        00A68
__ptext39                         text39        01AF8
__ptext4                          text4         01BAC
__ptext40                         text40        017E8
__ptext41                         text41        014B6
__ptext42                         text42        015D4
__ptext5                          text5         01BC2
__ptext6                          text6         01BD2
__ptext7                          text7         01B7C
__ptext8                          text8         01948
__ptext9                          text9         01B62
__ramtop                          ramtop        00E00
__size_of_ADC_Read                (abs)         00000
__size_of_I2C1_Block_Read_EERPOM  (abs)         00000
__size_of_I2C1_Page_Write_EEPROM  (abs)         00000
__size_of_I2C1_Write_DigiPot      (abs)         00000
__size_of___awdiv                 (abs)         00000
__size_of___awtoft                (abs)         00000
__size_of___ftmul                 (abs)         00000
__size_of___ftpack                (abs)         00000
__size_of___wmul                  (abs)         00000
__size_of_absVal                  (abs)         00000
__size_of_bypassSetup             (abs)         00000
__size_of_checkSwitches           (abs)         00000
__size_of_clockSwitch             (abs)         00000
__size_of_defaultLED              (abs)         00000
__size_of_fetchPreset             (abs)         00000
__size_of_flashLED                (abs)         00000
__size_of_highPriorityISR         (abs)         00000
__size_of_interfaceInit           (abs)         00000
__size_of_interruptInit           (abs)         00000
__size_of_killLEDs                (abs)         00000
__size_of_main                    (abs)         00000
__size_of_mapPeripheralPins       (abs)         00000
__size_of_maxTapCheck             (abs)         00000
__size_of_processTaps             (abs)         00000
__size_of_readControls            (abs)         00000
__size_of_sendParam               (abs)         00000
__size_of_serviceSwitches         (abs)         00000
__size_of_setupADC                (abs)         00000
__size_of_setupI2C1               (abs)         00000
__size_of_setupI2C2               (abs)         00000
__size_of_setupTMR0               (abs)         00000
__size_of_setupTMR1               (abs)         00000
__size_of_setupTMR2               (abs)         00000
__size_of_setupTMR4               (abs)         00000
__size_of_startupSequence         (abs)         00000
__size_of_systemInit              (abs)         00000
__size_of_tapLED                  (abs)         00000
__size_of_updateLineLEDs          (abs)         00000
__size_of_updateParams            (abs)         00000
__size_of_updatePreset            (abs)         00000
__size_of_updatePresetLEDs        (abs)         00000
__size_ofi2___wmul                (abs)         00000
__size_ofi2_absVal                (abs)         00000
__smallconst                      smallconst    00000
_absVal                           text24        01AA4
_armA                             bssBANK0      0008F
_armB                             bssBANK0      0008D
_armC                             bssBANK0      0008B
_armFlash                         bssBANK0      00093
_armFlashCount                    bssBANK0      00095
_armFlashToggle                   bssBANK0      00091
_bounceCount                      bssBANK0      000A5
_bypMode                          dataBANK0     000EC
_bypass                           bssCOMRAM     00040
_bypassSetup                      text17        01BEC
_checkSwitches                    text42        015D4
_clockSwitch                      text16        01B1E
_currentTapTime                   dataCOMRAM    00058
_dataPtr                          bssBANK0      00085
_dataTarget                       bssBANK0      00087
_defaultLED                       text15        01B94
_fbkA                             bssBANK0      00083
_fbkB                             bssBANK0      0007D
_fbkC                             bssBANK0      00077
_fetchPreset                      text20        01660
_flashLED                         text38        00A68
_fsw1                             bssCOMRAM     00044
_fsw2                             bssCOMRAM     00042
_highPriorityISR                  intcode       00008
_intA                             bssCOMRAM     00056
_intB                             bssCOMRAM     00054
_intC                             bssCOMRAM     00052
_interfaceInit                    text14        0125E
_interruptInit                    text13        01A74
_killLEDs                         text12        01B42
_linesArmed                       bssBANK0      00089
_lock                             bssBANK0      0006B
_lvlA                             bssBANK0      00081
_lvlB                             bssBANK0      0007B
_lvlC                             bssBANK0      00075
_main                             text0         00900
_mapPeripheralPins                text11        01860
_masterTime                       bssBANK0      00064
_maxTapCheck                      text32        018B4
_muxADC                           bssBANK0      000A3
_newTempo                         bssBANK0      0006F
_pFlash                           bssBANK0      00099
_pFlashCount                      bssBANK0      0009B
_paramAddress                     dataBANK1     00190
_parameter                        bssBANK0      000A7
_preset                           bssBANK0      000A1
_presetAdd                        dataBANK0     000E2
_presetParams                     dataBANK1     001B0
_presetPend                       bssCOMRAM     0003C
_presetRead                       bssBANK1      00178
_processTaps                      text30        00D04
_readControls                     text18        00120
_savePend                         bssBANK0      0009F
_sendParam                        text37        012FC
_serviceSwitches                  text29        003C6
_setupADC                         text10        01426
_setupComplete                    bssBANK0      00069
_setupI2C1                        text9         01B62
_setupI2C2                        text8         01948
_setupTMR0                        text7         01B7C
_setupTMR1                        text6         01BD2
_setupTMR2                        text5         01BC2
_setupTMR4                        text4         01BAC
_shift                            bssCOMRAM     00038
_shiftAction                      bssCOMRAM     00050
_slotUsed                         bssBANK0      0009D
_startupSequence                  text3         0066A
_swX                              dataCOMRAM    0005C
_switch1                          bssCOMRAM     0004E
_switch2                          bssCOMRAM     0004C
_switch3                          bssCOMRAM     0004A
_switch4                          bssCOMRAM     00048
_switch5                          bssCOMRAM     00046
_sync                             bssBANK0      00067
_systemInit                       text2         01902
_tap                              bssCOMRAM     00032
_tapAccum                         bssBANK0      00060
_tapDispCount                     bssCOMRAM     0003A
_tapFlash                         bssBANK0      00097
_tapLED                           text28        01768
_tapOnTime                        dataCOMRAM    0005A
_tapPrev                          bssCOMRAM     00034
_tapTime                          bssBANK0      00071
_tapTimeCount                     bssCOMRAM     00036
_targPreset                       bssCOMRAM     0003E
_timeA                            bssBANK0      0007F
_timeB                            bssBANK0      00079
_timeC                            bssBANK0      00073
_timeoutCount                     bssBANK0      0006D
_updateLineLEDs                   text41        014B6
_updateParams                     text1         01392
_updatePreset                     text21        011BE
_updatePresetLEDs                 text40        017E8
_userParams                       bssBANK1      00100
absVal@val                        cstackBANK0   000C5
btemp                             temp          0005E
checkSwitches@flag                cstackCOMRAM  00001
end_of_initialization             cinit         015CA
fetchPreset@i                     cstackBANK0   000D7
fetchPreset@test                  cstackBANK0   000D5
i2___wmul                         text39        01AF8
i2___wmul@multiplicand            cstackCOMRAM  00003
i2___wmul@multiplier              cstackCOMRAM  00001
i2___wmul@product                 cstackCOMRAM  00005
i2_absVal                         text31        01AD0
i2absVal@val                      cstackCOMRAM  00001
int$flags                         temp          0005E
intlevel0                         text          00000
intlevel1                         text          00000
intlevel2                         text          00000
intlevel3                         text          00000
main@diff                         cstackBANK0   000DE
main@dryLevel                     cstackBANK0   000E0
main@prevDry                      cstackBANK0   000DC
processTaps@tapDiff               cstackCOMRAM  0001E
sendParam@n                       cstackCOMRAM  00003
stackhi                           (abs)         00DF9
stacklo                           (abs)         001C8
start                             init          0011C
start_initialization              cinit         01546
updateLineLEDs@lineA              cstackCOMRAM  00007
updateLineLEDs@lineB              cstackCOMRAM  00009
updateLineLEDs@lineC              cstackCOMRAM  0000B
updateParams@i                    cstackBANK0   000CF
updateParams@slot                 cstackBANK0   000CB
updatePreset@data                 cstackBANK0   000CD
updatePreset@i                    cstackBANK0   000D3
updatePreset@slot                 cstackBANK0   000CB
updatePreset@temp                 cstackBANK0   000D1
updatePresetLEDs@psNum            cstackCOMRAM  00001
wtemp6                            temp          0005F


FUNCTION INFORMATION:

 *************** function _main *****************
 Defined at:
		line 261 in file "main.c"
 Parameters:    Size  Location     Type
		None
 Auto vars:     Size  Location     Type
  dryLevel        2   27[BANK0 ] int 
  diff            2   25[BANK0 ] int 
  prevDry         2   23[BANK0 ] int 
 Return value:  Size  Location     Type
                  1    wreg      void 
 Registers used:
		wreg, fsr1l, fsr1h, fsr2l, fsr2h, status,2, status,0, prodl, prodh, cstack
 Tracked objects:
		On entry : 
		On exit  : 
		Unchanged: 
 Data sizes:     COMRAM   BANK0   BANK1   BANK2   BANK3   BANK4   BANK5   BANK6   BANK7   BANK8   BANK9  BANK10  BANK11  BANK12  BANK13
      Params:         0       0       0       0       0       0       0       0       0       0       0       0       0       0       0
      Locals:         0       6       0       0       0       0       0       0       0       0       0       0       0       0       0
      Temps:          0       3       0       0       0       0       0       0       0       0       0       0       0       0       0
      Totals:         0       9       0       0       0       0       0       0       0       0       0       0       0       0       0
Total ram usage:        9 bytes
 Hardware stack levels required when called:    8
 This function calls:
		_ADC_Read
		_I2C1_Page_Write_EEPROM
		_I2C1_Write_DigiPot
		_absVal
		_fetchPreset
		_readControls
		_systemInit
		_updateParams
		_updatePreset
 This function is called by:
		Startup code after reset
 This function uses a non-reentrant model


 *************** function _updateParams *****************
 Defined at:
		line 239 in file "main.c"
 Parameters:    Size  Location     Type
  slot            2    6[BANK0 ] int 
 Auto vars:     Size  Location     Type
  i               2   10[BANK0 ] int 
 Return value:  Size  Location     Type
                  1    wreg      void 
 Registers used:
		wreg, fsr1l, fsr1h, fsr2l, fsr2h, status,2, status,0, prodl, prodh, cstack
 Tracked objects:
		On entry : 
		On exit  : 
		Unchanged: 
 Data sizes:     COMRAM   BANK0   BANK1   BANK2   BANK3   BANK4   BANK5   BANK6   BANK7   BANK8   BANK9  BANK10  BANK11  BANK12  BANK13
      Params:         0       2       0       0       0       0       0       0       0       0       0       0       0       0       0
      Locals:         0       2       0       0       0       0       0       0       0       0       0       0       0       0       0
      Temps:          0       2       0       0       0       0       0       0       0       0       0       0       0       0       0
      Totals:         0       6       0       0       0       0       0       0       0       0       0       0       0       0       0
Total ram usage:        6 bytes
 Hardware stack levels used:    1
 Hardware stack levels required when called:    6
 This function calls:
		___wmul
 This function is called by:
		_main
 This function uses a non-reentrant model


 *************** function _systemInit *****************
 Defined at:
		line 338 in file "systemConfig.c"
 Parameters:    Size  Location     Type
		None
 Auto vars:     Size  Location     Type
		None
 Return value:  Size  Location     Type
                  1    wreg      void 
 Registers used:
		wreg, status,2, status,0, cstack
 Tracked objects:
		On entry : 
		On exit  : 
		Unchanged: 
 Data sizes:     COMRAM   BANK0   BANK1   BANK2   BANK3   BANK4   BANK5   BANK6   BANK7   BANK8   BANK9  BANK10  BANK11  BANK12  BANK13
      Params:         0       0       0       0       0       0       0       0       0       0       0       0       0       0       0
      Locals:         0       0       0       0       0       0       0       0       0       0       0       0       0       0       0
      Temps:          0       0       0       0       0       0       0       0       0       0       0       0       0       0       0
      Totals:         0       0       0       0       0       0       0       0       0       0       0       0       0       0       0
Total ram usage:        0 bytes
 Hardware stack levels used:    1
 Hardware stack levels required when called:    6
 This function calls:
		_bypassSetup
		_clockSwitch
		_defaultLED
		_interfaceInit
		_interruptInit
		_killLEDs
		_mapPeripheralPins
		_setupADC
		_setupI2C1
		_setupI2C2
		_setupTMR0
		_setupTMR1
		_setupTMR2
		_setupTMR4
		_startupSequence
 This function is called by:
		_main
 This function uses a non-reentrant model


 *************** function _startupSequence *****************
 Defined at:
		line 451 in file "hardware.c"
 Parameters:    Size  Location     Type
		None
 Auto vars:     Size  Location     Type
		None
 Return value:  Size  Location     Type
                  1    wreg      void 
 Registers used:
		wreg
 Tracked objects:
		On entry : 
		On exit  : 
		Unchanged: 
 Data sizes:     COMRAM   BANK0   BANK1   BANK2   BANK3   BANK4   BANK5   BANK6   BANK7   BANK8   BANK9  BANK10  BANK11  BANK12  BANK13
      Params:         0       0       0       0       0       0       0       0       0       0       0       0       0       0       0
      Locals:         0       0       0       0       0       0       0       0       0       0       0       0       0       0       0
      Temps:          0       2       0       0       0       0       0       0       0       0       0       0       0       0       0
      Totals:         0       2       0       0       0       0       0       0       0       0       0       0       0       0       0
Total ram usage:        2 bytes
 Hardware stack levels used:    1
 Hardware stack levels required when called:    5
 This function calls:
		Nothing
 This function is called by:
		_systemInit
 This function uses a non-reentrant model


 *************** function _setupTMR4 *****************
 Defined at:
		line 43 in file "systemConfig.c"
 Parameters:    Size  Location     Type
		None
 Auto vars:     Size  Location     Type
		None
 Return value:  Size  Location     Type
                  1    wreg      void 
 Registers used:
		wreg, status,2
 Tracked objects:
		On entry : 
		On exit  : 
		Unchanged: 
 Data sizes:     COMRAM   BANK0   BANK1   BANK2   BANK3   BANK4   BANK5   BANK6   BANK7   BANK8   BANK9  BANK10  BANK11  BANK12  BANK13
      Params:         0       0       0       0       0       0       0       0       0       0       0       0       0       0       0
      Locals:         0       0       0       0       0       0       0       0       0       0       0       0       0       0       0
      Temps:          0       0       0       0       0       0       0       0       0       0       0       0       0       0       0
      Totals:         0       0       0       0       0       0       0       0       0       0       0       0       0       0       0
Total ram usage:        0 bytes
 Hardware stack levels used:    1
 Hardware stack levels required when called:    5
 This function calls:
		Nothing
 This function is called by:
		_systemInit
 This function uses a non-reentrant model


 *************** function _setupTMR2 *****************
 Defined at:
		line 34 in file "systemConfig.c"
 Parameters:    Size  Location     Type
		None
 Auto vars:     Size  Location     Type
		None
 Return value:  Size  Location     Type
                  1    wreg      void 
 Registers used:
		wreg, status,2
 Tracked objects:
		On entry : 
		On exit  : 
		Unchanged: 
 Data sizes:     COMRAM   BANK0   BANK1   BANK2   BANK3   BANK4   BANK5   BANK6   BANK7   BANK8   BANK9  BANK10  BANK11  BANK12  BANK13
      Params:         0       0       0       0       0       0       0       0       0       0       0       0       0       0       0
      Locals:         0       0       0       0       0       0       0       0       0       0       0       0       0       0       0
      Temps:          0       0       0       0       0       0       0       0       0       0       0       0       0       0       0
      Totals:         0       0       0       0       0       0       0       0       0       0       0       0       0       0       0
Total ram usage:        0 bytes
 Hardware stack levels used:    1
 Hardware stack levels required when called:    5
 This function calls:
		Nothing
 This function is called by:
		_systemInit
 This function uses a non-reentrant model


 *************** function _setupTMR1 *****************
 Defined at:
		line 25 in file "systemConfig.c"
 Parameters:    Size  Location     Type
		None
 Auto vars:     Size  Location     Type
		None
 Return value:  Size  Location     Type
                  1    wreg      void 
 Registers used:
		wreg, status,2
 Tracked objects:
		On entry : 
		On exit  : 
		Unchanged: 
 Data sizes:     COMRAM   BANK0   BANK1   BANK2   BANK3   BANK4   BANK5   BANK6   BANK7   BANK8   BANK9  BANK10  BANK11  BANK12  BANK13
      Params:         0       0       0       0       0       0       0       0       0       0       0       0       0       0       0
      Locals:         0       0       0       0       0       0       0       0       0       0       0       0       0       0       0
      Temps:          0       0       0       0       0       0       0       0       0       0       0       0       0       0       0
      Totals:         0       0       0       0       0       0       0       0       0       0       0       0       0       0       0
Total ram usage:        0 bytes
 Hardware stack levels used:    1
 Hardware stack levels required when called:    5
 This function calls:
		Nothing
 This function is called by:
		_systemInit
 This function uses a non-reentrant model


 *************** function _setupTMR0 *****************
 Defined at:
		line 16 in file "systemConfig.c"
 Parameters:    Size  Location     Type
		None
 Auto vars:     Size  Location     Type
		None
 Return value:  Size  Location     Type
                  1    wreg      void 
 Registers used:
		wreg, status,2
 Tracked objects:
		On entry : 
		On exit  : 
		Unchanged: 
 Data sizes:     COMRAM   BANK0   BANK1   BANK2   BANK3   BANK4   BANK5   BANK6   BANK7   BANK8   BANK9  BANK10  BANK11  BANK12  BANK13
      Params:         0       0       0       0       0       0       0       0       0       0       0       0       0       0       0
      Locals:         0       0       0       0       0       0       0       0       0       0       0       0       0       0       0
      Temps:          0       0       0       0       0       0       0       0       0       0       0       0       0       0       0
      Totals:         0       0       0       0       0       0       0       0       0       0       0       0       0       0       0
Total ram usage:        0 bytes
 Hardware stack levels used:    1
 Hardware stack levels required when called:    5
 This function calls:
		Nothing
 This function is called by:
		_systemInit
 This function uses a non-reentrant model


 *************** function _setupI2C2 *****************
 Defined at:
		line 92 in file "systemConfig.c"
 Parameters:    Size  Location     Type
		None
 Auto vars:     Size  Location     Type
		None
 Return value:  Size  Location     Type
                  1    wreg      void 
 Registers used:
		wreg, status,2
 Tracked objects:
		On entry : 
		On exit  : 
		Unchanged: 
 Data sizes:     COMRAM   BANK0   BANK1   BANK2   BANK3   BANK4   BANK5   BANK6   BANK7   BANK8   BANK9  BANK10  BANK11  BANK12  BANK13
      Params:         0       0       0       0       0       0       0       0       0       0       0       0       0       0       0
      Locals:         0       0       0       0       0       0       0       0       0       0       0       0       0       0       0
      Temps:          0       0       0       0       0       0       0       0       0       0       0       0       0       0       0
      Totals:         0       0       0       0       0       0       0       0       0       0       0       0       0       0       0
Total ram usage:        0 bytes
 Hardware stack levels used:    1
 Hardware stack levels required when called:    5
 This function calls:
		Nothing
 This function is called by:
		_systemInit
 This function uses a non-reentrant model


 *************** function _setupI2C1 *****************
 Defined at:
		line 76 in file "systemConfig.c"
 Parameters:    Size  Location     Type
		None
 Auto vars:     Size  Location     Type
		None
 Return value:  Size  Location     Type
                  1    wreg      void 
 Registers used:
		wreg, status,2
 Tracked objects:
		On entry : 
		On exit  : 
		Unchanged: 
 Data sizes:     COMRAM   BANK0   BANK1   BANK2   BANK3   BANK4   BANK5   BANK6   BANK7   BANK8   BANK9  BANK10  BANK11  BANK12  BANK13
      Params:         0       0       0       0       0       0       0       0       0       0       0       0       0       0       0
      Locals:         0       0       0       0       0       0       0       0       0       0       0       0       0       0       0
      Temps:          0       0       0       0       0       0       0       0       0       0       0       0       0       0       0
      Totals:         0       0       0       0       0       0       0       0       0       0       0       0       0       0       0
Total ram usage:        0 bytes
 Hardware stack levels used:    1
 Hardware stack levels required when called:    5
 This function calls:
		Nothing
 This function is called by:
		_systemInit
 This function uses a non-reentrant model


 *************** function _setupADC *****************
 Defined at:
		line 116 in file "systemConfig.c"
 Parameters:    Size  Location     Type
		None
 Auto vars:     Size  Location     Type
		None
 Return value:  Size  Location     Type
                  1    wreg      void 
 Registers used:
		wreg, status,2
 Tracked objects:
		On entry : 
		On exit  : 
		Unchanged: 
 Data sizes:     COMRAM   BANK0   BANK1   BANK2   BANK3   BANK4   BANK5   BANK6   BANK7   BANK8   BANK9  BANK10  BANK11  BANK12  BANK13
      Params:         0       0       0       0       0       0       0       0       0       0       0       0       0       0       0
      Locals:         0       0       0       0       0       0       0       0       0       0       0       0       0       0       0
      Temps:          0       0       0       0       0       0       0       0       0       0       0       0       0       0       0
      Totals:         0       0       0       0       0       0       0       0       0       0       0       0       0       0       0
Total ram usage:        0 bytes
 Hardware stack levels used:    1
 Hardware stack levels required when called:    5
 This function calls:
		Nothing
 This function is called by:
		_systemInit
 This function uses a non-reentrant model


 *************** function _mapPeripheralPins *****************
 Defined at:
		line 164 in file "systemConfig.c"
 Parameters:    Size  Location     Type
		None
 Auto vars:     Size  Location     Type
		None
 Return value:  Size  Location     Type
                  1    wreg      void 
 Registers used:
		wreg, status,2, status,0
 Tracked objects:
		On entry : 
		On exit  : 
		Unchanged: 
 Data sizes:     COMRAM   BANK0   BANK1   BANK2   BANK3   BANK4   BANK5   BANK6   BANK7   BANK8   BANK9  BANK10  BANK11  BANK12  BANK13
      Params:         0       0       0       0       0       0       0       0       0       0       0       0       0       0       0
      Locals:         0       0       0       0       0       0       0       0       0       0       0       0       0       0       0
      Temps:          0       0       0       0       0       0       0       0       0       0       0       0       0       0       0
      Totals:         0       0       0       0       0       0       0       0       0       0       0       0       0       0       0
Total ram usage:        0 bytes
 Hardware stack levels used:    1
 Hardware stack levels required when called:    5
 This function calls:
		Nothing
 This function is called by:
		_systemInit
 This function uses a non-reentrant model


 *************** function _killLEDs *****************
 Defined at:
		line 666 in file "hardware.c"
 Parameters:    Size  Location     Type
		None
 Auto vars:     Size  Location     Type
		None
 Return value:  Size  Location     Type
                  1    wreg      void 
 Registers used:
		None
 Tracked objects:
		On entry : 
		On exit  : 
		Unchanged: 
 Data sizes:     COMRAM   BANK0   BANK1   BANK2   BANK3   BANK4   BANK5   BANK6   BANK7   BANK8   BANK9  BANK10  BANK11  BANK12  BANK13
      Params:         0       0       0       0       0       0       0       0       0       0       0       0       0       0       0
      Locals:         0       0       0       0       0       0       0       0       0       0       0       0       0       0       0
      Temps:          0       0       0       0       0       0       0       0       0       0       0       0       0       0       0
      Totals:         0       0       0       0       0       0       0       0       0       0       0       0       0       0       0
Total ram usage:        0 bytes
 Hardware stack levels used:    1
 Hardware stack levels required when called:    5
 This function calls:
		Nothing
 This function is called by:
		_systemInit
 This function uses a non-reentrant model


 *************** function _interruptInit *****************
 Defined at:
		line 291 in file "systemConfig.c"
 Parameters:    Size  Location     Type
		None
 Auto vars:     Size  Location     Type
		None
 Return value:  Size  Location     Type
                  1    wreg      void 
 Registers used:
		None
 Tracked objects:
		On entry : 
		On exit  : 
		Unchanged: 
 Data sizes:     COMRAM   BANK0   BANK1   BANK2   BANK3   BANK4   BANK5   BANK6   BANK7   BANK8   BANK9  BANK10  BANK11  BANK12  BANK13
      Params:         0       0       0       0       0       0       0       0       0       0       0       0       0       0       0
      Locals:         0       0       0       0       0       0       0       0       0       0       0       0       0       0       0
      Temps:          0       0       0       0       0       0       0       0       0       0       0       0       0       0       0
      Totals:         0       0       0       0       0       0       0       0       0       0       0       0       0       0       0
Total ram usage:        0 bytes
 Hardware stack levels used:    1
 Hardware stack levels required when called:    5
 This function calls:
		Nothing
 This function is called by:
		_systemInit
 This function uses a non-reentrant model


 *************** function _interfaceInit *****************
 Defined at:
		line 193 in file "systemConfig.c"
 Parameters:    Size  Location     Type
		None
 Auto vars:     Size  Location     Type
		None
 Return value:  Size  Location     Type
                  1    wreg      void 
 Registers used:
		None
 Tracked objects:
		On entry : 
		On exit  : 
		Unchanged: 
 Data sizes:     COMRAM   BANK0   BANK1   BANK2   BANK3   BANK4   BANK5   BANK6   BANK7   BANK8   BANK9  BANK10  BANK11  BANK12  BANK13
      Params:         0       0       0       0       0       0       0       0       0       0       0       0       0       0       0
      Locals:         0       0       0       0       0       0       0       0       0       0       0       0       0       0       0
      Temps:          0       0       0       0       0       0       0       0       0       0       0       0       0       0       0
      Totals:         0       0       0       0       0       0       0       0       0       0       0       0       0       0       0
Total ram usage:        0 bytes
 Hardware stack levels used:    1
 Hardware stack levels required when called:    5
 This function calls:
		Nothing
 This function is called by:
		_systemInit
 This function uses a non-reentrant model


 *************** function _defaultLED *****************
 Defined at:
		line 314 in file "systemConfig.c"
 Parameters:    Size  Location     Type
		None
 Auto vars:     Size  Location     Type
		None
 Return value:  Size  Location     Type
                  1    wreg      void 
 Registers used:
		None
 Tracked objects:
		On entry : 
		On exit  : 
		Unchanged: 
 Data sizes:     COMRAM   BANK0   BANK1   BANK2   BANK3   BANK4   BANK5   BANK6   BANK7   BANK8   BANK9  BANK10  BANK11  BANK12  BANK13
      Params:         0       0       0       0       0       0       0       0       0       0       0       0       0       0       0
      Locals:         0       0       0       0       0       0       0       0       0       0       0       0       0       0       0
      Temps:          0       0       0       0       0       0       0       0       0       0       0       0       0       0       0
      Totals:         0       0       0       0       0       0       0       0       0       0       0       0       0       0       0
Total ram usage:        0 bytes
 Hardware stack levels used:    1
 Hardware stack levels required when called:    5
 This function calls:
		Nothing
 This function is called by:
		_systemInit
 This function uses a non-reentrant model


 *************** function _clockSwitch *****************
 Defined at:
		line 52 in file "systemConfig.c"
 Parameters:    Size  Location     Type
		None
 Auto vars:     Size  Location     Type
		None
 Return value:  Size  Location     Type
                  1    wreg      void 
 Registers used:
		wreg, status,2, status,0
 Tracked objects:
		On entry : 
		On exit  : 
		Unchanged: 
 Data sizes:     COMRAM   BANK0   BANK1   BANK2   BANK3   BANK4   BANK5   BANK6   BANK7   BANK8   BANK9  BANK10  BANK11  BANK12  BANK13
      Params:         0       0       0       0       0       0       0       0       0       0       0       0       0       0       0
      Locals:         0       0       0       0       0       0       0       0       0       0       0       0       0       0       0
      Temps:          0       0       0       0       0       0       0       0       0       0       0       0       0       0       0
      Totals:         0       0       0       0       0       0       0       0       0       0       0       0       0       0       0
Total ram usage:        0 bytes
 Hardware stack levels used:    1
 Hardware stack levels required when called:    5
 This function calls:
		Nothing
 This function is called by:
		_systemInit
 This function uses a non-reentrant model


 *************** function _bypassSetup *****************
 Defined at:
		line 329 in file "systemConfig.c"
 Parameters:    Size  Location     Type
		None
 Auto vars:     Size  Location     Type
		None
 Return value:  Size  Location     Type
                  1    wreg      void 
 Registers used:
		None
 Tracked objects:
		On entry : 
		On exit  : 
		Unchanged: 
 Data sizes:     COMRAM   BANK0   BANK1   BANK2   BANK3   BANK4   BANK5   BANK6   BANK7   BANK8   BANK9  BANK10  BANK11  BANK12  BANK13
      Params:         0       0       0       0       0       0       0       0       0       0       0       0       0       0       0
      Locals:         0       0       0       0       0       0       0       0       0       0       0       0       0       0       0
      Temps:          0       0       0       0       0       0       0       0       0       0       0       0       0       0       0
      Totals:         0       0       0       0       0       0       0       0       0       0       0       0       0       0       0
Total ram usage:        0 bytes
 Hardware stack levels used:    1
 Hardware stack levels required when called:    5
 This function calls:
		Nothing
 This function is called by:
		_systemInit
 This function uses a non-reentrant model


 *************** function _readControls *****************
 Defined at:
		line 182 in file "main.c"
 Parameters:    Size  Location     Type
		None
 Auto vars:     Size  Location     Type
		None
 Return value:  Size  Location     Type
                  1    wreg      void 
 Registers used:
		wreg, status,2, status,0, cstack
 Tracked objects:
		On entry : 
		On exit  : 
		Unchanged: 
 Data sizes:     COMRAM   BANK0   BANK1   BANK2   BANK3   BANK4   BANK5   BANK6   BANK7   BANK8   BANK9  BANK10  BANK11  BANK12  BANK13
[...]
Total ram usage:        4 bytes
 Hardware stack levels used:    1
 Hardware stack levels required when called:    2
 This function calls:
		___awdiv
		___awtoft
		___ftmul
		_maxTapCheck
		i2_absVal
 This function is called by:
		_serviceSwitches
 This function uses a non-reentrant model


 *************** function i2_absVal *****************
 Defined at:
		line 175 in file "main.c"
 Parameters:    Size  Location     Type
  val             2    0[COMRAM] int 
 Auto vars:     Size  Location     Type
		None
 Return value:  Size  Location     Type
                  2    0[COMRAM] int 
 Registers used:
		wreg, status,2, status,0
 Tracked objects:
		On entry : 
		On exit  : 
		Unchanged: 
 Data sizes:     COMRAM   BANK0   BANK1   BANK2   BANK3   BANK4   BANK5   BANK6   BANK7   BANK8   BANK9  BANK10  BANK11  BANK12  BANK13
      Params:         2       0       0       0       0       0       0       0       0       0       0       0       0       0       0
      Locals:         0       0       0       0       0       0       0       0       0       0       0       0       0       0       0
      Temps:          2       0       0       0       0       0       0       0       0       0       0       0       0       0       0
      Totals:         4       0       0       0       0       0       0       0       0       0       0       0       0       0       0
Total ram usage:        4 bytes
 Hardware stack levels used:    1
 This function calls:
		Nothing
 This function is called by:
		_processTaps
 This function uses a non-reentrant model


 *************** function _maxTapCheck *****************
 Defined at:
		line 15 in file "hardware.c"
 Parameters:    Size  Location     Type
		None
 Auto vars:     Size  Location     Type
		None
 Return value:  Size  Location     Type
                  1    wreg      void 
 Registers used:
		wreg, status,2, status,0
 Tracked objects:
		On entry : 
		On exit  : 
		Unchanged: 
 Data sizes:     COMRAM   BANK0   BANK1   BANK2   BANK3   BANK4   BANK5   BANK6   BANK7   BANK8   BANK9  BANK10  BANK11  BANK12  BANK13
      Params:         0       0       0       0       0       0       0       0       0       0       0       0       0       0       0
      Locals:         0       0       0       0       0       0       0       0       0       0       0       0       0       0       0
      Temps:          0       0       0       0       0       0       0       0       0       0       0       0       0       0       0
      Totals:         0       0       0       0       0       0       0       0       0       0       0       0       0       0       0
Total ram usage:        0 bytes
 Hardware stack levels used:    1
 This function calls:
		Nothing
 This function is called by:
		_processTaps
 This function uses a non-reentrant model


 *************** function ___ftmul *****************
 Defined at:
		line 62 in file "/Applications/microchip/xc8/v1.43/sources/common/ftmul.c"
 Parameters:    Size  Location     Type
  f1              3   12[COMRAM] float 
  f2              3   15[COMRAM] float 
 Auto vars:     Size  Location     Type
  f3_as_produc    3   22[COMRAM] unsigned um
  sign            1   26[COMRAM] unsigned char 
  cntr            1   25[COMRAM] unsigned char 
  exp             1   21[COMRAM] unsigned char 
 Return value:  Size  Location     Type
                  3   12[COMRAM] float 
 Registers used:
		wreg, status,2, status,0, cstack
 Tracked objects:
		On entry : 
		On exit  : 
		Unchanged: 
 Data sizes:     COMRAM   BANK0   BANK1   BANK2   BANK3   BANK4   BANK5   BANK6   BANK7   BANK8   BANK9  BANK10  BANK11  BANK12  BANK13
      Params:         6       0       0       0       0       0       0       0       0       0       0       0       0       0       0
      Locals:         6       0       0       0       0       0       0       0       0       0       0       0       0       0       0
      Temps:          3       0       0       0       0       0       0       0       0       0       0       0       0       0       0
      Totals:        15       0       0       0       0       0       0       0       0       0       0       0       0       0       0
Total ram usage:       15 bytes
 Hardware stack levels used:    1
 Hardware stack levels required when called:    1
 This function calls:
		___ftpack
 This function is called by:
		_processTaps
 This function uses a non-reentrant model


 *************** function ___awtoft *****************
 Defined at:
		line 32 in file "/Applications/microchip/xc8/v1.43/sources/common/awtoft.c"
 Parameters:    Size  Location     Type
  c               2    8[COMRAM] int 
 Auto vars:     Size  Location     Type
  sign            1   11[COMRAM] unsigned char 
 Return value:  Size  Location     Type
                  3    8[COMRAM] float 
 Registers used:
		wreg, status,2, status,0, cstack
 Tracked objects:
		On entry : 
		On exit  : 
		Unchanged: 
 Data sizes:     COMRAM   BANK0   BANK1   BANK2   BANK3   BANK4   BANK5   BANK6   BANK7   BANK8   BANK9  BANK10  BANK11  BANK12  BANK13
      Params:         3       0       0       0       0       0       0       0       0       0       0       0       0       0       0
      Locals:         1       0       0       0       0       0       0       0       0       0       0       0       0       0       0
      Temps:          0       0       0       0       0       0       0       0       0       0       0       0       0       0       0
      Totals:         4       0       0       0       0       0       0       0       0       0       0       0       0       0       0
Total ram usage:        4 bytes
 Hardware stack levels used:    1
 Hardware stack levels required when called:    1
 This function calls:
		___ftpack
 This function is called by:
		_processTaps
 This function uses a non-reentrant model


 *************** function ___ftpack *****************
 Defined at:
		line 62 in file "/Applications/microchip/xc8/v1.43/sources/common/float.c"
 Parameters:    Size  Location     Type
  arg             3    0[COMRAM] unsigned um
  exp             1    3[COMRAM] unsigned char 
  sign            1    4[COMRAM] unsigned char 
 Auto vars:     Size  Location     Type
		None
 Return value:  Size  Location     Type
                  3    0[COMRAM] float 
 Registers used:
		wreg, status,2, status,0
 Tracked objects:
		On entry : 
		On exit  : 
		Unchanged: 
 Data sizes:     COMRAM   BANK0   BANK1   BANK2   BANK3   BANK4   BANK5   BANK6   BANK7   BANK8   BANK9  BANK10  BANK11  BANK12  BANK13
      Params:         5       0       0       0       0       0       0       0       0       0       0       0       0       0       0
      Locals:         0       0       0       0       0       0       0       0       0       0       0       0       0       0       0
      Temps:          3       0       0       0       0       0       0       0       0       0       0       0       0       0       0
      Totals:         8       0       0       0       0       0       0       0       0       0       0       0       0       0       0
Total ram usage:        8 bytes
 Hardware stack levels used:    1
 This function calls:
		Nothing
 This function is called by:
		___awtoft
		___ftmul
 This function uses a non-reentrant model


 *************** function ___awdiv *****************
 Defined at:
		line 8 in file "/Applications/microchip/xc8/v1.43/sources/common/awdiv.c"
 Parameters:    Size  Location     Type
  dividend        2    0[COMRAM] int 
  divisor         2    2[COMRAM] int 
 Auto vars:     Size  Location     Type
  quotient        2    6[COMRAM] int 
  sign            1    5[COMRAM] unsigned char 
  counter         1    4[COMRAM] unsigned char 
 Return value:  Size  Location     Type
                  2    0[COMRAM] int 
 Registers used:
		wreg, status,2, status,0
 Tracked objects:
		On entry : 
		On exit  : 
		Unchanged: 
 Data sizes:     COMRAM   BANK0   BANK1   BANK2   BANK3   BANK4   BANK5   BANK6   BANK7   BANK8   BANK9  BANK10  BANK11  BANK12  BANK13
      Params:         4       0       0       0       0       0       0       0       0       0       0       0       0       0       0
      Locals:         4       0       0       0       0       0       0       0       0       0       0       0       0       0       0
      Temps:          0       0       0       0       0       0       0       0       0       0       0       0       0       0       0
      Totals:         8       0       0       0       0       0       0       0       0       0       0       0       0       0       0
Total ram usage:        8 bytes
 Hardware stack levels used:    1
 This function calls:
		Nothing
 This function is called by:
		_processTaps
 This function uses a non-reentrant model


 *************** function _sendParam *****************
 Defined at:
		line 261 in file "serial.c"
 Parameters:    Size  Location     Type
		None
 Auto vars:     Size  Location     Type
  n               2    2[COMRAM] int 
 Return value:  Size  Location     Type
                  1    wreg      void 
 Registers used:
		wreg, fsr2l, fsr2h, status,2, status,0
 Tracked objects:
		On entry : 
		On exit  : 
		Unchanged: 
 Data sizes:     COMRAM   BANK0   BANK1   BANK2   BANK3   BANK4   BANK5   BANK6   BANK7   BANK8   BANK9  BANK10  BANK11  BANK12  BANK13
      Params:         0       0       0       0       0       0       0       0       0       0       0       0       0       0       0
      Locals:         2       0       0       0       0       0       0       0       0       0       0       0       0       0       0
      Temps:          2       0       0       0       0       0       0       0       0       0       0       0       0       0       0
      Totals:         4       0       0       0       0       0       0       0       0       0       0       0       0       0       0
Total ram usage:        4 bytes
 Hardware stack levels used:    1
 This function calls:
		Nothing
 This function is called by:
		_highPriorityISR
 This function uses a non-reentrant model


 *************** function _flashLED *****************
 Defined at:
		line 107 in file "hardware.c"
 Parameters:    Size  Location     Type
		None
 Auto vars:     Size  Location     Type
		None
 Return value:  Size  Location     Type
                  1    wreg      void 
 Registers used:
		wreg, status,2, status,0, prodl, prodh, cstack
 Tracked objects:
		On entry : 
		On exit  : 
		Unchanged: 
 Data sizes:     COMRAM   BANK0   BANK1   BANK2   BANK3   BANK4   BANK5   BANK6   BANK7   BANK8   BANK9  BANK10  BANK11  BANK12  BANK13
      Params:         0       0       0       0       0       0       0       0       0       0       0       0       0       0       0
      Locals:         0       0       0       0       0       0       0       0       0       0       0       0       0       0       0
      Temps:          2       0       0       0       0       0       0       0       0       0       0       0       0       0       0
      Totals:         2       0       0       0       0       0       0       0       0       0       0       0       0       0       0
Total ram usage:        2 bytes
 Hardware stack levels used:    1
 Hardware stack levels required when called:    1
 This function calls:
		_updateLineLEDs
		_updatePresetLEDs
		i2___wmul
 This function is called by:
		_highPriorityISR
 This function uses a non-reentrant model


 *************** function i2___wmul *****************
 Defined at:
		line 15 in file "/Applications/microchip/xc8/v1.43/sources/common/Umul16.c"
 Parameters:    Size  Location     Type
  multiplier      2    0[COMRAM] unsigned int 
  multiplicand    2    2[COMRAM] unsigned int 
 Auto vars:     Size  Location     Type
  __wmul          2    4[COMRAM] unsigned int 
 Return value:  Size  Location     Type
                  2    0[COMRAM] unsigned int 
 Registers used:
		wreg, status,2, status,0, prodl, prodh
 Tracked objects:
		On entry : 
		On exit  : 
		Unchanged: 
 Data sizes:     COMRAM   BANK0   BANK1   BANK2   BANK3   BANK4   BANK5   BANK6   BANK7   BANK8   BANK9  BANK10  BANK11  BANK12  BANK13
      Params:         4       0       0       0       0       0       0       0       0       0       0       0       0       0       0
      Locals:         2       0       0       0       0       0       0       0       0       0       0       0       0       0       0
      Temps:          0       0       0       0       0       0       0       0       0       0       0       0       0       0       0
      Totals:         6       0       0       0       0       0       0       0       0       0       0       0       0       0       0
Total ram usage:        6 bytes
 Hardware stack levels used:    1
 This function calls:
		Nothing
 This function is called by:
		_flashLED
 This function uses a non-reentrant model


 *************** function _updatePresetLEDs *****************
 Defined at:
		line 599 in file "hardware.c"
 Parameters:    Size  Location     Type
  psNum           2    0[COMRAM] int 
 Auto vars:     Size  Location     Type
		None
 Return value:  Size  Location     Type
                  1    wreg      void 
 Registers used:
		wreg, status,2, status,0
 Tracked objects:
		On entry : 
		On exit  : 
		Unchanged: 
 Data sizes:     COMRAM   BANK0   BANK1   BANK2   BANK3   BANK4   BANK5   BANK6   BANK7   BANK8   BANK9  BANK10  BANK11  BANK12  BANK13
      Params:         2       0       0       0       0       0       0       0       0       0       0       0       0       0       0
      Locals:         0       0       0       0       0       0       0       0       0       0       0       0       0       0       0
      Temps:          0       0       0       0       0       0       0       0       0       0       0       0       0       0       0
      Totals:         2       0       0       0       0       0       0       0       0       0       0       0       0       0       0
Total ram usage:        2 bytes
 Hardware stack levels used:    1
 This function calls:
		Nothing
 This function is called by:
		_flashLED
		_serviceSwitches
 This function uses a non-reentrant model


 *************** function _updateLineLEDs *****************
 Defined at:
		line 533 in file "hardware.c"
 Parameters:    Size  Location     Type
  lineA           2    6[COMRAM] int 
  lineB           2    8[COMRAM] int 
  lineC           2   10[COMRAM] int 
 Auto vars:     Size  Location     Type
		None
 Return value:  Size  Location     Type
                  1    wreg      void 
 Registers used:
		wreg, status,2, status,0
 Tracked objects:
		On entry : 
		On exit  : 
		Unchanged: 
 Data sizes:     COMRAM   BANK0   BANK1   BANK2   BANK3   BANK4   BANK5   BANK6   BANK7   BANK8   BANK9  BANK10  BANK11  BANK12  BANK13
      Params:         6       0       0       0       0       0       0       0       0       0       0       0       0       0       0
      Locals:         0       0       0       0       0       0       0       0       0       0       0       0       0       0       0
      Temps:          0       0       0       0       0       0       0       0       0       0       0       0       0       0       0
      Totals:         6       0       0       0       0       0       0       0       0       0       0       0       0       0       0
Total ram usage:        6 bytes
 Hardware stack levels used:    1
 This function calls:
		Nothing
 This function is called by:
		_flashLED
		_serviceSwitches
 This function uses a non-reentrant model


 *************** function _checkSwitches *****************
 Defined at:
		line 142 in file "hardware.c"
 Parameters:    Size  Location     Type
		None
 Auto vars:     Size  Location     Type
  flag            1    0[COMRAM] unsigned char 
 Return value:  Size  Location     Type
                  1    wreg      void 
 Registers used:
		wreg, status,2
 Tracked objects:
		On entry : 
		On exit  : 
		Unchanged: 
 Data sizes:     COMRAM   BANK0   BANK1   BANK2   BANK3   BANK4   BANK5   BANK6   BANK7   BANK8   BANK9  BANK10  BANK11  BANK12  BANK13
      Params:         0       0       0       0       0       0       0       0       0       0       0       0       0       0       0
      Locals:         1       0       0       0       0       0       0       0       0       0       0       0       0       0       0
      Temps:          0       0       0       0       0       0       0       0       0       0       0       0       0       0       0
      Totals:         1       0       0       0       0       0       0       0       0       0       0       0       0       0       0
Total ram usage:        1 bytes
 Hardware stack levels used:    1
 This function calls:
		Nothing
 This function is called by:
		_highPriorityISR
 This function uses a non-reentrant model



MODULE INFORMATION

Module		Function		Class		Link	Load	Size
systemConfig.c
		_defaultLED    		CODE           	1B94	0000	25
		_mapPeripheralPins		CODE           	1860	0000	85
		_setupI2C1     		CODE           	1B62	0000	27
		_setupI2C2     		CODE           	1948	0000	69
		_bypassSetup   		CODE           	1BEC	0000	13
		_clockSwitch   		CODE           	1B1E	0000	37
		_setupTMR0     		CODE           	1B7C	0000	25
		_setupTMR1     		CODE           	1BD2	0000	15
		_setupTMR2     		CODE           	1BC2	0000	17
		_setupTMR4     		CODE           	1BAC	0000	23
		_interruptInit 		CODE           	1A74	0000	49
		_interfaceInit 		CODE           	125E	0000	159
		_systemInit    		CODE           	1902	0000	71
		_setupADC      		CODE           	1426	0000	145

systemConfig.c estimated size: 760

serial.c
		_I2C1_Block_Read_EERPOM		CODE           	0BCA	0000	315
		_sendParam     		CODE           	12FC	0000	151
		_I2C1_Write_DigiPot		CODE           	198C	0000	67
		_I2C1_Page_Write_EEPROM		CODE           	1052	0000	191

serial.c estimated size: 724

/Applications/microchip/xc8/v1.43/sources/common/awdiv.c
		___awdiv       		CODE           	16E4	0000	133

/Applications/microchip/xc8/v1.43/sources/common/awdiv.c estimated size: 133

/Applications/microchip/xc8/v1.43/sources/common/awtoft.c
		___awtoft      		CODE           	1A06	0000	57

/Applications/microchip/xc8/v1.43/sources/common/awtoft.c estimated size: 57

/Applications/microchip/xc8/v1.43/sources/common/float.c
		___ftpack      		CODE           	1110	0000	175

/Applications/microchip/xc8/v1.43/sources/common/float.c estimated size: 175

shared
		i2_absVal      		CODE           	1AD0	0000	41
		i2___wmul      		CODE           	1AF8	0000	39
		__initialization		CODE           	1546	0000	133

shared estimated size: 213

hardware.c
		_tapLED        		CODE           	1768	0000	129
		_maxTapCheck   		CODE           	18B4	0000	79
		_flashLED      		CODE           	0A68	0000	355
		_processTaps   		CODE           	0D04	0000	303
		_updatePresetLEDs		CODE           	17E8	0000	121
		_checkSwitches 		CODE           	15D4	0000	141
		_startupSequence		CODE           	066A	0000	663
		_updateLineLEDs		CODE           	14B6	0000	145
		_serviceSwitches		CODE           	03C6	0000	677
		_ADC_Read      		CODE           	0E32	0000	301
		_killLEDs      		CODE           	1B42	0000	33

hardware.c estimated size: 2947

/Applications/microchip/xc8/v1.43/sources/common/ftmul.c
		___ftmul       		CODE           	0F5E	0000	245

/Applications/microchip/xc8/v1.43/sources/common/ftmul.c estimated size: 245

/Applications/microchip/xc8/v1.43/sources/common/Umul16.c
		___wmul        		CODE           	1A3E	0000	55

/Applications/microchip/xc8/v1.43/sources/common/Umul16.c estimated size: 55

main.c
		_updateParams  		CODE           	1392	0000	149
		_updatePreset  		CODE           	11BE	0000	161
		_main          		CODE           	0900	0000	361
		_absVal        		CODE           	1AA4	0000	45
		_highPriorityISR		CODE           	0008	0000	277
		_readControls  		CODE           	0120	0000	679
		_fetchPreset   		CODE           	1660	0000	133

main.c estimated size: 1805

